
> frontend@0.0.0 build
> vite build

vite v8.0.11 building client environment for production...
[2Ktransforming...✓ 2312 modules transformed.
rendering chunks...
computing gzip size...
dist/index.html                   1.40 kB │ gzip:   0.70 kB
dist/assets/index-BSoxiyXd.css    9.47 kB │ gzip:   2.67 kB
dist/assets/index-D-646BuN.js   613.76 kB │ gzip: 185.10 kB

✓ built in 212ms
[plugin builtin:vite-reporter] 
(!) Some chunks are larger than 500 kB after minification. Consider:
- Using dynamic import() to code-split the application
- Use build.rolldownOptions.output.codeSplitting to improve chunking: https://rolldown.rs/reference/OutputOptions.codeSplitting
- Adjust chunk size limit for this warning via build.chunkSizeWarningLimit.
